  aabb.c
  arena_allocator.c
  bitset.c
  body.c
  broad_phase.c
  constraint_graph.c
  contact.c
  contact_solver.c
  core.c
  distance.c
  distance_joint.c
  dynamic_tree.c
  geometry.c
  hull.c
  id_pool.c
  island.c
  joint.c
  manifold.c
  math_functions.c
  motor_joint.c
  Generating Code...
  Compiling...
  mover.c
  mover_joint.c
  parallel_for.c
  physics_world.c
  pogo_joint.c
  prismatic_joint.c
  recording.c
  replay.c
  revolute_joint.c
  scheduler.c
  sensor.c
  shape.c
  snapshot.c
  solver.c
  solver_set.c
  table.c
  timer.c
  types.c
  weld_joint.c
  wheel_joint.c
  Generating Code...
  Box2D.vcxproj -> C:\Users\USER\Documents\Programing\vsCode\RollOrDie\dep\Box2D\bin\Debug-windows-x86_64\Box2D\Box2D.lib
